" Generated by vim-plug
" Fri Apr 14 22:36:53 2017
" :source this file in vim to restore the snapshot
" or execute: vim -S snapshot.vim

silent! let g:plugs['BufOnly.vim'].commit = '43dd923'
silent! let g:plugs['ale'].commit = 'e7d32fe'
silent! let g:plugs['deoplete-rust'].commit = 'd0aacb1'
silent! let g:plugs['deoplete.nvim'].commit = 'f1e3724'
silent! let g:plugs['despacio'].commit = '8b978c9'
silent! let g:plugs['fzf'].commit = 'c7b0764'
silent! let g:plugs['fzf.vim'].commit = '2066643'
silent! let g:plugs['gruvbox'].commit = '127c9d1'
silent! let g:plugs['rust.vim'].commit = 'eed97e7'
silent! let g:plugs['vim-commentary'].commit = '73e0d9a'
silent! let g:plugs['vim-dirvish'].commit = '38172cd'
silent! let g:plugs['vim-eunuch'].commit = '7eeb681'
silent! let g:plugs['vim-exchange'].commit = '05d82b8'
silent! let g:plugs['vim-highlightedyank'].commit = 'cd5bbff'
silent! let g:plugs['vim-indent-guides'].commit = '018298e'
silent! let g:plugs['vim-polyglot'].commit = 'e404a65'
silent! let g:plugs['vim-sneak'].commit = 'f00084c'
silent! let g:plugs['vim-surround'].commit = 'e49d6c2'
silent! let g:plugs['vim-tmux-navigator'].commit = 'e79d4c0'
silent! let g:plugs['vim-vroom'].commit = 'a92fc7a'
silent! let g:plugs['vimux'].commit = '2285cef'

PlugUpdate!

